// Vitest Snapshot v1, https://vitest.dev/guide/snapshot.html

exports[`N8nPillList > renders disabled collection and clicks do not modify 1`] = `
"<div>
  <div class="pillContainer"><span class="pillCell" data-test-id="pill-list-pill-propA"> + Add a propA</span><span class="pillCell" data-test-id="pill-list-pill-propC"> + Add a propC</span></div>
  <div class="slotComboContainer" data-test-id="pill-list-slot-propB"><span class="n8n-text compact size-xsmall regular n8n-icon slotRemoveIcon slotRemoveIcon n8n-icon slotRemoveIcon slotRemoveIcon" data-test-id="pill-list-remove-slot-propB"><!----></span>
    <div class="slotContainer">Empty slot with v-bind: {"name":"propB","initialValue":"propB value"}</div>
  </div>
</div>"
`;

exports[`N8nPillList > renders multiple elements with some pre-selected 1`] = `
"<div>
  <div class="pillContainer"><span class="pillCell" data-test-id="pill-list-pill-propB"> + Add a propB</span><span class="pillCell" data-test-id="pill-list-pill-propD"> + Add a propD</span></div>
  <div class="slotComboContainer" data-test-id="pill-list-slot-propC"><span class="n8n-text compact size-xsmall regular n8n-icon slotRemoveIcon slotRemoveIcon n8n-icon slotRemoveIcon slotRemoveIcon" data-test-id="pill-list-remove-slot-propC"><!----></span>
    <div class="slotContainer">Empty slot with v-bind: {"name":"propC","initialValue":false}</div>
  </div>
  <div class="slotComboContainer" data-test-id="pill-list-slot-propA"><span class="n8n-text compact size-xsmall regular n8n-icon slotRemoveIcon slotRemoveIcon n8n-icon slotRemoveIcon slotRemoveIcon" data-test-id="pill-list-remove-slot-propA"><!----></span>
    <div class="slotContainer">Empty slot with v-bind: {"name":"propA","initialValue":"propA value"}</div>
  </div>
</div>"
`;

exports[`N8nPillList > renders when empty 1`] = `
"<div>
  <div class="pillContainer"></div>
</div>"
`;
