// Vitest Snapshot v1, https://vitest.dev/guide/snapshot.html

exports[`ConditionalRouterLink > renders <a> when 'href' attr is passed 1`] = `"<div><a href="https://n8n.io" target="_blank">Button</a></div>"`;

exports[`ConditionalRouterLink > renders only the slot when neither to nor href is given 1`] = `"<div>Button</div>"`;

exports[`ConditionalRouterLink > renders router-link when 'to' prop is passed 1`] = `"<div><a href="/" class="">Button</a></div>"`;
