// Vitest Snapshot v1

exports[`components > N8NActionBox > props > should render correctly 1`] = `
"<div class=\\"n8n-action-box _container_1h2xs_1\\">
  <div class=\\"_emoji_1h2xs_13\\"> ðŸ˜¿ </div>
  <div class=\\"_heading_1h2xs_17\\">
    <n8n-heading-stub tag=\\"span\\" size=\\"xlarge\\" align=\\"center\\">Headline you need to know</n8n-heading-stub>
  </div>
  <div class=\\"_description_1h2xs_21\\">
    <n8n-text-stub size=\\"medium\\" color=\\"text-base\\" tag=\\"span\\"><span>Long description that you should know something is the way it is because of how it is. </span></n8n-text-stub>
  </div>
  <n8n-button-stub label=\\"Do something\\" type=\\"primary\\" size=\\"large\\"></n8n-button-stub>
  <!---->
</div>"
`;
