// Vitest Snapshot v1, https://vitest.dev/guide/snapshot.html

exports[`InsightsSummary > should render the summary correctly 1`] = `"<!--v-if-->"`;

exports[`InsightsSummary > should render the summary correctly 2`] = `
"<div class="insights">
  <h3 class="n8n-heading text-light size-small bold mb-xs mb-xs">Production executions for the last 7 days</h3>
  <ul data-test-id="insights-summary-tabs">
    <li data-test-id="insights-summary-tab-total">
      <router-link-stub to="[object Object]" exact-active-class="activeTab"></router-link-stub>
    </li>
    <li data-test-id="insights-summary-tab-failed">
      <router-link-stub to="[object Object]" exact-active-class="activeTab"></router-link-stub>
    </li>
    <li data-test-id="insights-summary-tab-failureRate">
      <router-link-stub to="[object Object]" exact-active-class="activeTab"></router-link-stub>
    </li>
    <li data-test-id="insights-summary-tab-timeSaved">
      <router-link-stub to="[object Object]" exact-active-class="activeTab"></router-link-stub>
    </li>
    <li data-test-id="insights-summary-tab-averageRunTime">
      <router-link-stub to="[object Object]" exact-active-class="activeTab"></router-link-stub>
    </li>
  </ul>
</div>"
`;

exports[`InsightsSummary > should render the summary correctly 3`] = `
"<div class="insights">
  <h3 class="n8n-heading text-light size-small bold mb-xs mb-xs">Production executions for the last 7 days</h3>
  <ul data-test-id="insights-summary-tabs">
    <li data-test-id="insights-summary-tab-total">
      <router-link-stub to="[object Object]" exact-active-class="activeTab"></router-link-stub>
    </li>
    <li data-test-id="insights-summary-tab-failed">
      <router-link-stub to="[object Object]" exact-active-class="activeTab"></router-link-stub>
    </li>
    <li data-test-id="insights-summary-tab-failureRate">
      <router-link-stub to="[object Object]" exact-active-class="activeTab"></router-link-stub>
    </li>
    <li data-test-id="insights-summary-tab-timeSaved">
      <router-link-stub to="[object Object]" exact-active-class="activeTab"></router-link-stub>
    </li>
    <li data-test-id="insights-summary-tab-averageRunTime">
      <router-link-stub to="[object Object]" exact-active-class="activeTab"></router-link-stub>
    </li>
  </ul>
</div>"
`;

exports[`InsightsSummary > should render the summary correctly 4`] = `
"<div class="insights">
  <h3 class="n8n-heading text-light size-small bold mb-xs mb-xs">Production executions for the last 7 days</h3>
  <ul data-test-id="insights-summary-tabs">
    <li data-test-id="insights-summary-tab-total">
      <router-link-stub to="[object Object]" exact-active-class="activeTab"></router-link-stub>
    </li>
    <li data-test-id="insights-summary-tab-failed">
      <router-link-stub to="[object Object]" exact-active-class="activeTab"></router-link-stub>
    </li>
    <li data-test-id="insights-summary-tab-failureRate">
      <router-link-stub to="[object Object]" exact-active-class="activeTab"></router-link-stub>
    </li>
    <li data-test-id="insights-summary-tab-timeSaved">
      <router-link-stub to="[object Object]" exact-active-class="activeTab"></router-link-stub>
    </li>
    <li data-test-id="insights-summary-tab-averageRunTime">
      <router-link-stub to="[object Object]" exact-active-class="activeTab"></router-link-stub>
    </li>
  </ul>
</div>"
`;
